 35 فردا في قائمة المنتخب العراقي تلقى اتحاد الكرة أسماء بعثة المنتخب العراقي لكرة القدم الذي سيخوض مباراة ودية واحدة مع منتخبنا الوطني الأول يوم السابع من اكتوبر المقبل وذلك في إطار استعدادات المنتخبين للمواجهتين الحاسمتين في إطار منافسات التصفيات الأسيوية المؤهلة الى مونديال 2006 حيث يلعب منتخبنا مع منتخب اليابان والعراق يواجه أوزبكستان في نفس اليوم 13 من اكتوبر المقبل حيث ستصل بعثة المنتخب العراقي البلاد في الأول من اكتوبر القادم . وتتكون بعثة المنتخب العراقي من 35 فردا ويترأسها عبدالخالق مسعود احمد ومعه محمد جواد احمد صالح نائب رئيس ومحمد عبدالرزاق اداري وعدنان حمد مجيد مدرب وياسين عمال مساعد مدرب ومعد ابراهيم مجيد مساعد مدرب وعبدالكريم ناعم حاجم مدرب حراس المرمى والدكتور عماد شاكر عبدالنبي طبيب المنتخب وجبار عبدالحسين جلود اخصائي العلاج الطبيعي وحميد محسن إداري وعامر ثابت إداري وعامر ثابت منسق بالاضافة الى 23 لاعبا وهم : نور صبري عباس وعدي طالب جواد واحمد علي جبر وعبدالوهاب أبو الهيل وباسم عباس وياسر رعد وحيدر عبدالمير حسن ورزاق فرحان موسى ونشأت أكرم عبدعلي وصالح سدير وحسان تركي وقصى منير ومهدي كريم وحيدر جبار وهوار ملا محمد وسرمد رشيد وحيدر محمود ويونس محمود خلف وعماد محمد وهيثم كاظم طاهر ولؤي صلاح وجاسم محمد وسعيد عطية.
