 انطلقت مؤخرا بصالة مركز عمان للبولينغ بالخوير البطولة المفتوحة للعمانيين والتي تقام على نظام المحاولات وتستمر لمدة شهر كامل، ومن ثم ستقام بطولة اخرى في شهر رمضان المبارك حيث تقوم اللجنة المشرفة على لعبة البولينغ بالاعداد لهذه البطولة حاليا. ويشارك في البطولة المفتوحة حاليا 40 لاعبا تقام يوم السبت على صالة مركز عمان للبولينغ ويوم الاحد بصالة بولينغ المدينة بمركز البهجة التجاري من كل اسبوع وذلك بهدف التسهيل على اللاعبين الذين يودون المشاركة وبامكانهم اختيار المكان للعب، علما بأنه بدأ في الفترة الاخيرة تشغيل مركز عمان للبولينغ والذي اقيم على اسس ومواصفات عالمية وافضل خطوط بولينغ في مراكز البولينغ العالمية، وهو بحق اضافة جديدة للعبة البولينغ بالسلطنة وسيساعد بلا شك في انتشار اللعبة محليا. اما نظام البطولة فانه يعتمد على المحاولات، حيث يستطيع اللاعب من لعب محاولتين في كل يوم لعب ولمدة ثلاثة اسابيع والمحاولة عبارة عن ثلاثة اشواط على الا يقل مجموع محاولات اللاعب عن 4 محاولات ومن ثم ستقوم اللجنة المنظمة باختيار افضل 3 محاولات للاعب، ليتم بعد ذلك اختيار افضل 12 مجموع لثلاث محاولات للاعبين ومن ثم البدء في التصفيات النهائية في الاسبوع الاخير للبطولة. وعند انتهاء المحاولات مساء يوم الاحد الماضي بصالة مركز عمان للبولينغ جاء اللاعب اسماعيل الزدجالي في المركز الاول وبمجموع 524 اما المركز الثاني فكان من نصيب اللاعب محمود الحديدي وبمجموع 518 واحتل المركز الثالث اللاعب نبيل الحسني وبمجموع 510 وتستكمل المحاولات لهذا الاسبوع بصالة بولينغ المدينة بمركز البهجة التجاري. وقد اوضح سعيد القتبي مشرف لعبة البولينغ بالسلطنة بأن هذه البطولة هي اضافة جديدة لانشطة اللجنة المشرفة على اللعبة خلال فترات العام وستكون من ضمن النشاطات التي تقيمها اللجنة سنويا بالاضافة الى النشاطات الاخرى مثل البطولات الاسبوعية ودوري الفرق وبطولة الشهر وبطولة الايام الاولمبية العمانية. كما اوضح القتبي بأن اللجنة تقوم حاليا وبالتعاون مع بولينغ المدينة بتدريب 150 لاعبا من الصغار وذلك تحت اسم نادي الصغار وذلك في يوم واحد في الاسبوع ولمدة ثلاثة اشهر بهدف تشجيع الصغار على ممارسة اللعبة وايجاد عناصر جيدة تكون في المستقبل هي عناصر رفد للمنتخب، مضيفا: ان الفكرة ايضا سيتم تطبيقها في مركز عمان للبولينغ بالخوير وذلك بالتعاون مع المركز.
