 نتائج الجولة الثانية عموما نذكر أبرز نتائج الجولة الثانية التي فاز بها المخضرم خالد صومار وجاء في المركز الثاني المتسابق ابراهيم العبري الذي أظهر تطورا في المستوى ونيته في التنافس مع ملاحه يعقوب الحديدي على متن سوبارو امبريزا محققا زمنا وقدره 29.26 دقيقة بينما احتل المتسابق نبهان النبهاني وملاحه سيف الفارسي المركز الثالث على متن سيارة لاندروفر بزمن وقدره 31.32 وجاء في المركز الرابع المتسابق خالد المنجي ومساعده خالد حمد على متن سيارة سوباروا امبريزا محققا زمنا وقدره 31.38 د وحل خامسا المتسابق سيف العيسري وملاحه سيف الرواحي على متن ميتسوبيشي جالانت محققا زمنا وقدره 36.17 د. وحل سادسا المتسابق صبري المعولي ومساعده عبدالمنعم الجهضمي على متن ميتسوبيشي بزمن 36.59 د وجاء في المركز السابع المتسابق عبدالله الجيلاني وملاحه خميس البلوشي على متن ميتسوبيشي كولت بزمن وقدره 38.17 وفي المركز الثامن جاء المتسابق سعيد محمد ومساعده سليمان الجهضمي وتمكن من قطع مسافة السباق في زمن وقدره45.49 د.
