 رسالة الجزائر - من عيسى الخروصي: تأهل ايمن بن حمد الكليبي لاعب منتخبنا الوطني للسباحة الى نهائيات 200 متر ظهر تلقائيا بدون المشاركة في التصفيات الاولية بعد ان اهله رقمه الشخصي وصنف في المركز السادس. وسينافس الكليبي في سباق 200 متر ظهر مع عمالقة السباحة في الوطن العربي الساعة الثامنة مساء بتوقيت السلطنة. وحصل اللاعب نفسه على رقم عماني جديد في سباق 100 متر حرة بزمن وقدره 55.41 ثانية الا انه لم يتأهل للنهائيات حيث احتل المركز الحادي عشر في الترتيب العام. ويعتبر الرقم الذي حصل عليه السباح بين كونه متخصصا في سباقات الظهر وليس السباقات الحرة الى جانب انه شارك في السباق مع لاعبين يحملون اسماء كبيرة في السباحة في الوطن العربي مثل الجزائري سليم ايلاس ثامن اولمبياد اثينا في سباق 100 متر حرة. وسيشارك الكليبي بعد غد الاربعاء في سباق 50 متر ظهر والخميس في 100 متر ظهر ايضا ويتوقع ان يحقق اللاعب ارقاما جديدة للسلطنة في هاتين المسابقتين.
