 كتب خالد الجلنداني : وافق اتحاد الكرة على مشاركة منتخبنا الوطني الأول لكرة القدم في الدورة الرباعية التي ستقام في البحرين خلال الفترة من 1 إلى 5 ديسمبر بمشاركة أربعة منتخبات هي منتخبنا ولاتفيا والنرويج والبحرين وينص نظام الدورة بان يلعب كل منتخب مع الآخر مباراة واحدة والفائز منهما يصعد الى المباراة النهائية والخاسران على المركز الثالث وتأتي هذه الدورة في اطار استعدادات منتخبنا للمشاركة في دورة كأس الخليج السابعة عشرة التي ستقام في الدوحة خلال الفترة من 10 إلى 24 ديسمبر المقبل . من جانب آخر يواصل منتخبنا الوطني الأول تدريباته اليومية المكثفة في معسكره الداخلي المقام حاليا بمجمع السلطان قابوس الرياضي ببوشر ويستمر حتى يوم الأربعاء القادم في اطار استعدادات منتخبنا لملاقاة نظيرة الياباني يوم 13 اكتوبر القادم في اطار منافسات تصفيات المجموعة الآسيوية الرابعة المؤهلة الى مونديال 2006. وقد شهدت تدريبات الأمس والتي جرت على الملعب الفرعي بمجمع بوشر حضورا كبيرا من اللاعبين المختارين لهذا المعسكر حيث يركز فيها الجهاز الفني بقيادة المدرب التشيكي ميلان ماتشالا على رفع معدل اللياقة البدنية لدى اللاعبين بسبب عدم التزامهم مع انديتهم في الفترة الماضية وهبوط مستواهم الفني والبدني كذلك تجربة اللاعبين الجدد المنضمين للمنتخب لأول مرة وهم يعقوب ربيع ( الطليعة ) وحسن العجمي ( النهضة ) وعبدالله سعيد ( النصر ) وجاسم يعقوب (السيب ) وذلك بهدف التعرف على مستواهم الفني والبدني كما اشتملت تدريبات ايضا على التسديد على المرمى من جميع الزوايا ثم أجرى تقسيمة مبسطة بين الفريقين لمعرفة مدى تطبيق اللاعبين للتدريبات . وقد شارك في تدريبات الأمس 19 لاعبا وهم : بدر بن جمعة العلوي وعلي بن طالب العجمي وبدر المحروقي ومحمد بن مبارك الهنائي وسلطان الطوقي ومحمد بن حمد واحمد بن مبارك المحيجري وحسين بن مستهيل واحمد بن حديد وفوزي بن بشير دوربين وهاشم بن صالح ويوسف شعبان واحمد سالم وحسن بن يوسف المظفر ويعقوب بن ربيع و حسن العجمي وعبدالله سعيد وجاسم يقعوب .
