 السباحة تحقق أول إنجاز لها لقد بذل المدرب عدنان العويدي جهدا كبيرا لإعداد ثلاثة سباحين كخطوة أولى والمشاركة بهم في الدورة حيث بدأ مع ثلاثة سباحين هم قاسم بن ثاني الحسني ومحمد بن سعيد العيسري وعلي بن جمعة السيابي الذين شاركوا في التدريبات منذ فترة ليست بقصيرة من خلال تدريبهم على المسبح الرياضي بجامعة السلطان قابوس قبل أن ينتقل المدرب مع السباحين الثلاثة للتدريب بمجمع السلطان قابوس الرياضي ببوشر لمدة أسبوعين امتدت حتى موعد التوجه للمشاركة بالدورة بتونس حيث كانت فرصة السباحين الثلاثة المشاركة في المسابقات الفردية فقط أما التتابع كان شرط المشاركة فيه أن تكون هناك فتاة تشارك مع السباحين ولم يخيب سباحونا الثلاثة الظن بهم بل كان لهم دور كبير في هذا الإنجاز الذي حققته البعثة بحصولهم على 3 ميداليات ذهبية وبرونزيتين كانت من نصيب كل من السباح قاسم بن ثاني الحسني ذهبية مسابقة 25 متر فراشة ومثلها في مسابقة 25 متر ظهر في الفئة العمرية 14 سنة وكانت الذهبية الثانية من نصيب السباح محمد بن سعيد العيسري في مسابقة 25 متر حرة ونفس اللاعب فاز بالميدالية البرونزية في مسابقة 50 متر حرة للفئة العمرية 21 سنة فيما كانت البرونزية الثانية من نصيب السباح علي بن جمعة السيابي في مسابقة 50 متر حرة للفئة العمرية 15 سنة.
