 حفلت نتائج الاسبوع الاول بالاثارة وغزارة الاهداف ومفاجأة وحيدة من العيار الثقيل والتى تمثلت فى خسارة النصر حامل اللقب امام الطليعة صفر1 فيما حقق السيب الفوز الابرز فى المرحلة الاولى بعد ان اثقل شباك الخابورة 61 واثبت فريق عمان حضوره الكبير بفضل فوزه الكبير على الاتحاد الوجه الجديد على دورى هذا الموسم 4صفر وعلى نفس الخطى سار العروبة الذى نجح فى الحاق الخسارة بفريق اهلى سداب 3صفر ونجح صور فى العودة من البريمى بفوز صعب ولكنه ثمين 32 واظهر بهلاء الوافد الجديد على دورى هذا الموسم مستوى اكثر من جيد وكاد ان يحقق المفاجاة كاملة .. ولكنه اكتفى بنصف المفاجاة من خلال تعادله مع ظفار 11 واخلد فريق مسقط فى هذه المرحلة الى الراحة الاجبارية كون ان الدورى فى هذا الموسم يشهد مشاركة 13 ناديا لاول مرة .. وعموما اظهرت مباريات المرحلة الاولى قوة التنافس ورغبة اكثر من نادى المنافسة على لقب دورى هذا الموسم ومن المؤكد ان مباريات المرحلة الثانية ستكون اكثر اثارة وقوة وستلقى المزيد من الضوء على الامكانيات الحقيقية لاندية القمة او حتى الاندية التى تبحث على تحقيق مراكز امنة للابتعاد عن خطر السقوط فى دوامة الهبوط. النصر الطليعة بكل تاكيد ان النتيجة التى الت اليها لقاء النصر مع الطليعة هى بمثابة مفاجأة من العيار الثقيل كون ان المباراة جرت على ارض حامل لقب الدورى وامام جماهيره الا ان هذا لم يمنع الطليعة احد الفرق صاحبة الاداء الطيب والتى اثبتت كفاءة كبيرة فى الموسم الماضى من التألق فى هذا اللقاء واستطاع ان يحرز هدفه فى الدقيقة 14 عن طريق هيثم محمد ورغم المحاولات المضنية للنصر بهدف تعديل النتيجة الا انها باءت بالفشل امام صلابة مدافعى الطليعة والارادة القوية فى تفجير المفاجأة وانتزاع الفوز والحصول على النقاط الثلاث ليسجل الطليعة بذلك اقوى انطلاقة بحثا عن المنافسة مع ركب اهل القمة ويبقى على النصر بقيادة مدربه الرومانى ضرورة تصحيح اوضاع الفريق لكى يستعيد مكانته كبطل حامل للقب درع الدورى. السيب الخابورة كشف السيب انه سيكون صاحب حضور قوى فى هذا الموسم بعد ان حقق الفوز الابرز فى انطلاقة بطولة الدورى ومن المؤكد ان هذا الفوز سيكون بمثابة دفع قوي لمواصلة المثيرة بالنجاح المطلوب حتى النهاية وهنا لابد وان نذكر بتألق الثنائى دونالدو السيراليونى باحرازة لثلاثة اهداف للسيب وعلى نهجه سار زميله احمد البوصافى بتحقيق ثلاثية اخرى فصار كلا اللاعبين فى صدارة هدفى الدورى فى اسبوعه الاول . اما الخابورة فاصبح عليه عمل كبير خلال المرحلة القادمة اذا اراد عدم الدخول في دوامة الهبوط من البداية حيث إنه بات الان فى مؤخرة الترتيب العام علما بأن هذه المباراة كانت بروفة للقاء الذى سيجمع كلا الفريقين فى منافسات دور ال16 لمسابقة كأس حضرة صاحب الجلالة السلطان قابوس المعظم وبالتالى فان تصحيح الاوضاع بات مطلوبا من الخابورة وباسرع ما يمكن. عمان الاتحاد برهن فريق عمان فى لقائه امام الاتحاد انه سيكون احد المنافسين الاقوياء على لقب دورى هذا الموسم والاهداف الاربعة التى سجلها والتى كان يمكن ان تزيد عن ذلك تؤكد عزيمة فريق عمان الذى كان دائما وابدا يلعب الادوار الاولى فى مثل هذه البطولات ومن المؤكد ان مدربه العراقى مظفر جبار والذى حقق الكثير مع كل الفرق التى اشرف على تدريبها ستكون مهمته الاولى فى هذا الموسم هو وضع فريق عمان العريق على خارطة المنافسة على اللقب وهذا لن يتأتى الا من خلال البداية القوية والتى نجح فى تحقيقها. اما الاتحاد الوافد الجديد على دورى هذا الموسم فانه لم يقدم الوجه الذى كنا نتطلع اليه لذلك فان هذه الخسارة المبكرة ستعمل على تصحيح مسار الفريق الذى يتطلع الى مستقبل زاهر تحت اشراف مدربه صالح عبد الرب الذى بدوره سيعمل على تلافى كل الاخطاء التى وقع فيها الفريق لينال هذه الخسارة الكبيرة. العروبة اهلى سداب توقعها الجميع ان تكون مواجهة قوية ومثيرة بين فريقى العروبة واهلى سداب ولكن الحقيقة اثبتت ان فريق العروبة كان جاهزا واستحق الفوز 3صفر وفريق العروبة له صولات وجولات وسبق له وان فاز بلقب بطولة الدورى ويتطلع فى الموسم الجديد الى تحقيق اهدافه بالمنافسة على لقب بطولة الدورى الذى حل فيه ثالثا فى الموسم السابق وبالتاكيد ان فوزه الكبير على حساب اهلى سداب سيعطيه دفعة قوية لمواصلة المشوار حتى النهاية وبالنجاح المطلوب. اما فريق اهلى سداب الذى ودع بدوره مسابقة الكأس مبكرا بخسارته امام الطليعة 24 اصبح مطالبا بعمل كبير حتى يحتفظ بمكانه على اقل تقدير فى دورى الاضواء ومن المؤكد ان المدرب الايطالى فيرمانى سيعمل ما فى وسعه لاستعادة تجانس اللاعبين وتصحيح اوضاع الفريق استعدادا لمباراته القادمة فى الدورى. بهلاء ظفار اظهر بهلاء حضورا طيبا وهو الوافد الجديد على دورى هذا الموسم وكاد ان يظفر بنقاط المباراة الثلاث ولكن خبرة لاعبى ظفار لعبت دورها فى الوقت المحتسب بدل الضائع ليتقاسم كلا الفريقين نتيجة التعادل 11 ويحصل كل منهما على نقطة واحدة فى رصيده وبالطبع ان بهلاء وهو الذى يتحسس اولى خطواته فى دورى الاضواء الذى يحل عليه ضيفا فى هذا الموسم الجديد يمنى النفس بالبقاء والبلاء الحسن والبداية تؤكد على هذا الطموح الكبير . اما ظفار بقياده مدربه رشيد جابر سيعمل جاهدا على تحقيق نتائج افضل فى المباريات القادمة حتى لايفقد الفريق فرصة المنافسة من البداية على لقب بطولة الدورى وهو فى ذلك يملك الكثير من الاوراق الرابحة والتى سيتم التاكيد عليها فى المرحلة القادمة. النهضة صور كما توقعناها لقاء متكافئ الى حد كبير بين النهضة وصور فكليهما كان يبحث عن الفوز وتسجيل بداية طيبة وكلا الفريقين اظهرا روحا معنوية عالية ولكن الغلبة فى النهاية كانت لصور الذى استطاع ان يخرج فائزا 32 ويحصد اغلى 3 نقاط ليبقى فى دائرة ركب اهل القمة .. ويبقى على النهضة الاستفادة مما حدث فى هذا اللقاء وتعويض ما فاته فى اللقاءات القادمة اذا اراد الابتعاد عن شبح دائرة الهبوط قبل فوات الاوان. 
