 دور الأندية الرياضية بعض المعاقين ذهنيا أو المعاقين سمعيا لديهم المقدرة على الاندماج مع أقرانهم الأسوياء ربما ليس بنفس المستوى والقوة ولكن وجودهم معهم يساهم في تطوير قدراتهم ويجب على الأندية الرياضية في السلطنة أن تبادر في تدريب بعض هؤلاء اللاعبين مع فرقها الرياضية وليس المطلوب منهم أن يشركوهم في المباريات أو المسابقات التي يشارك فيها النادي بل في التدريبات حتى يجد هذا اللاعب المكان المناسب الذي يمارس فيه هوايته المفضلة ويكون جزءا من الدعم المعنوي الذي تقدمه هذه الأندية لهؤلاء اللاعبين لأن الإنجاز الذي يسجلونه في المشاركات الخارجية لا يحسب من أجل جهة واحده فقط بل باسم السلطنة. كما أن الهيئة العامة لأنشطة الشباب الرياضية والثقافية واللجنة الأولمبية العمانية والاتحادات الرياضية عليها أن تساهم في رفع قدرات هذه الفئة وعلينا أن ننسى تلك الأسطوانة التي نسمعها دائما بأن هناك جهة مسؤولة عن هؤلاء اللاعبين فان المساهمة في تأهيل الكوادر الفنية واللاعبين من هذه الفئة سوف يترك الأثر الكبير في نفوس اللاعبين فعلى المجتمع بأكمله أن يقف معهم وقفت صادقة كما يحدث حاليا من بعض الاتحادات الرياضية التي تساهم بدورها في دعم هذه الرياضة من ذوي الاحتياجات الخاصة. 
