 رجال الجيش السلطاني العماني وما يشهده النشاط الرياضي من تطور وتنافس شريف اختتمت صباح امس على مضمار العاب القوى للجيش السلطاني العماني منافسات بطولة الجيش السلطاني العماني لالعاب القوى وشد الحبل لعام 2004 وذلك تحت رعاية اللواء الركن سعيد بن ناصر بن سليمان السالمي قائد الجيش السلطاني العماني. وقد اشترك في البطولة التي بدأت منافساتها في الثامن عشر من الشهر الجاري 12 فريقا يمثلون الوية وتشكيلات ووحدات الجيش السلطاني العماني حيث اشتملت على 16 مسابقة تنوعت بين مسابقات المضمار التي هي 100 متر و200 متر و400 متر و800متر و1500 متر و500 متر و1004 متر تتابع و4004 متر تتابع ومسابقات الميدان التي تمثلت في دفع الجلة ورمي القرص ورمي الرمح والوثب الطويل والوثب الثلاثي والقفز العالي و55 كم ومسابقة شد الحبل وضمت في مجملها 403 متسابقين منهم 129 متسابقا في العاب القوى و192 متسابقا في مسابقة شد الحبل. وقد استمع راعي المناسبة لدى وصوله ارض الميدان الى ايجاز عن سير فعاليات البطولة قدمه مدير التدريب بقيادة الجيش السلطاني العماني وركن اول رياضة عسكرية حيث اوضحا من خلاله الاهداف العامة التي اقيمت من اجلها البطولة بعد ذلك اعطى اللواء الركن قائد الجيش السلطاني العماني اشارة البدء للمتسابقين اعلانا ببدء فعاليات البطولة وقد عكس منتسبو الجيش السلطاني العماني من خلال السباقات المختلفة المستوى العالي الذي يتمتعون به في مجال اللياقة البدنية والمهارة العالية في التعامل مع مراحل سباقات البطولة التي شهدت تنافسا كبيرا بين المتسابقين وفي ختام البطولة قام اللواء الركن سعيد بن ناصر بن سليمان السالمي قائد الجيش السلطاني العماني راعي المناسبة بتوزيع الكؤوس والدروع والمدلياليات والجوائز التقديرية على الفرق والأفراد الفائزين في البطولة وجاءت النتائج على النحو التالي: في مسابقة 100 متر و200 متر فردي حصل على المركز الأول الجندي خلفان بن محمد الحراصي من سلاح اشارة قوات السلطان المسلحة، وفي مسابقة 400 متر حصل نائب العريف احمد بن جمعة الكندي من لواء المشاة 23 على المركز الأول، وفي مسابقة 800 متر حصل المتسابق ضحي بن سعيد المشيفري من مدفعية سلطان عمان على المركز الاول وفي مسابقة 1500 متر حصل نائب العريف سيف بن حمود المعمري من مدفعية سلطان عمان على المركز الأول، وفي مسابقة 5000 متر حصل نائب العريف احمد بن عبيد الشكيلي من لواء المشاة 23 على المركز الأول، وفي مسابقة 4100 متر تتابع حصل فريق لواء المشاة 11 على المركز الأول، وحصل فريق مدفعية سلطان عمان على المركز الثاني، بينما حصل فريق اشارة قوات السلطان المسلحة على المركز الثالث، وفي مسابقة 4400 متر تتابع فاز فريق لواء المشاة 23 بالمركز الأول، بينما حصل فريق اشارة قوات السلطان المسلحة على المركز الثاني، وجاء فريق لواء المشاة 11 في المركز الثالث. وفي مسابقة الوثب الطويل حصل الرقيب سعيد بن فرج الفزاري من سلاح اشارة قوات السلطان المسلحة على المركز الأول، وفي مسابقة الوثب العالي حصل الجندي عبدالله بن محمد المقبالي من لواء المشاة 23 على المركز الأول، وفي مسابقة الوثب الطويل حصل الرقيب سعيد بن خلفان السليمي من لواء المشاة 11 على المركز الأول، وفي مسابقة دفع الجلة حصل الوكيل سليم بن مبارك الحارثي من لواء المشاة 23 على المركز الأول، وفي مسابقة رمي القرص حصل نائب العريف علي بن سالم البريكي لواء المشاة 11 على المركز الاول وفي مسابقة رمي الرمح حصل المتسابق عيسى بن سالم البلوشي من خدمات تموين القوات على المركز الاول وفي مسابقة شد الحبل فاز فريق لواء المشاة 23 بالمركز الأول، وحصل فريق مدفعية سلطان عمان على المركز الثاني، بينما جاء فريق مظلات سلطان عمان في المركز الثالث، وفي مسابقة ( 55 25 كم تتابع فاز فريق لواء المشاة 11 بالمركز الأول، بينما حصلت مدفعية سلطان على المركز الثاني، وجاءت هندسة قوات السلطان المسلحة في المركز الثالث. وفي مسابقة بطولة المجموعات حصل لواء المشاة 23 على المركز الاول على مستوى مجموعة الوية النار والمناورة وحصلت مدفعية سلطان عمان على المركز الثاني وعلى مستوى وحدات الاسناد القتالي حصلت مظلات سلطان عمان على المركز الاول تلاها سلاح اشارة قوات السلطان المسلحة في المركز الثاني وعلى مستوى وحدات الاسناد الاداري حصلت خدمات تموين القوات على المركز الاول وجاءت هندسة الكهرباء والميكانيك في المركز الثاني. وعلى المستوى العام حصل لواء المشاة 23 على المركز الاول وجاءت مدفعية سلطان عمان في المركز الثاني وجاء لواء المشاة 11 في المركز الثالث. وبهذه المناسبة اكد ركن اول رياضة عسكرية بالجيش السلطاني العماني ان رياضة العاب القوى تجمع العديد من الالعاب لذا سميت بأم الالعاب وهي رياضة تعتمد في مضمونها على الارقام الزمنية والقياسية ولقد استعدت الفرق هذا العام لهذه البطولة استعدادا جيدا وتم استبعاد مشاركة الرياضيين الدوليين منها وذلك لاتاحة الفرصة في ابراز وجوه جديدة للمشاركة واضاف ان سمة التنافس الشريف هي افضل السبل لانجاح الانشطة الرياضية وللارتقاء بالمستوى الرياضي أيا كان فاهداف هذه البطولة هي الارتقاء بالمستوى التدريبي للافراد وفقا للخطة التدريبية بالجيش السلطاني العماني وتطوير القدرات والمهارات الفردية والجماعية للمنافسات العسكرية الى جانب ترسيخ القواعد العلمية السليمة من اجل الاعداد والتنظيم والتنفيذ للمسابقات الرياضية بالاضافة الى تعزيز روح التنافس الشريف والتآلف والعمل كفريق واحد بين مختلف الوحدات وصولا الى اختيار ابرز العناصر لتمثيل الجيش السلطاني العماني في بطولة قوات السلطان المسلحة. كما تطرق ركن اول رياضة عسكرية بالجيش السلطاني العماني الى نظام البطولة وقال في هذا الجانب ان البطولة جمعت بطولتين في بطولة واحدة وخرجت بالمستوى الذي كنا ننشده متمنيا في نهاية حديثه كل التوفيق للفرق والافراد الذين حققوا مراكز مشرفة في هذه البطولة وحظا وافرا لاولئك الذين لم يحالفهم الحظ وبمشيئة الله تعالى فان الجيش السلطاني العماني يفرز من هذه البطولات وجوه جديدة تساهم في رقي وتطور الحركة الرياضية في الجيش السلطاني العماني خصوصا وفي السلطنة عموما. حضر المناسبة سعادة المكرم يوسف بن خلفان بن زاهر البوسعيدي عضو مجلس الدولة وسعادة المكرم زايد بن سيف بن سالم الحوسني عضو مجلس الدولة وعدد من كبار الضباط وقادة الوحدات والتشكيلات وعلي بن حميد السعيدي المنسق الفني بالاتحاد العماني لالعاب القوى وضباط وضباط صف وافراد الجيش السلطاني العماني. 
