 ذهبية وفضية وأحرزت الاماراتية الشيخة ميثاء بنت محمد بن راشد ذهبية الكوميتيه وزن فوق 65 كلغ في رياضة الكاراتيه بتغلبها على الجزائرية ريم الدراوي في المباراة النهائية واهدت الشيخة الاماراتية ميثاء بنت محمد بن راشد الذهبية الى والدها ولي عهد دبي الشيخ محمد بن راشد. وقالت الشيخة ميثاء لوكالة فرانس برس اثر فوزها مباشرة: اهدي هذه الميدالية الى والدي الذي اعتبره مشجعي الاول، والى شعب الامارات والى الفتاة العربية وامل ان تكون الذهبية حافزا لممارسة هذا النوع من الرياضة ونحن في الامارات ما زلنا في اول المشوار وقد استفدنا من معسكرنا مع المنتخب الجزائري. وسبق لميثاء ان احرزت اربع ذهبيات في بطولة مجلس التعاون الخليجي وفي الوزن المفتوح التي خاضته مباشرة بعد تتويجها بالذهبية الاولى اكتفت الشيخة ميثاء بالفضية بعد خسارتها امام التونسية رفيقة دخلاوي صفر-2. 
