 تحليل يونس المعشري: أخذت رياضة المعوقين بمختلف فئاتها وأنواعها تشق طريقها نحو المشاركات الدولية وتحقق الإنجازات المتعددة ولم تقتصر المشاركة كما كانت في السابق على الإعاقات الحركية أو السمعية بل حتى الإعاقة الذهنية أصبح وجودها في الكثير من البطولات يسجل حضورا مميزا بل شاركت في جعل علم السلطنة يرفرف وإذا وصفنا الفرحة والسعادة التي ترتسم على وجوه أولئك اللاعبين وهم يتقلدون الميداليات الذهبية أو الفضية أو البرونزية فهي سعادة لا يمكن أن نصفها من خلال السطور أو نعبر عنها بالكلام . وقد ينظر البعض إلى اللاعب المعاق بأن المسابقات التي يخوضها ليست كتلك التي يشارك بها اللاعب السوي بل العكس فاللاعب السوي يشارك في الفئة التي ينتمي إليها وكذلك اللاعب المعاق يتم تصنيف كل لاعب حسب درجة الإعاقة التي يعاني منها والمرحلة العمرية وهناك إعداد مسبق يخوضه اللاعب واختيار العناصر الجيدة قبل المشاركة في البطولة بل بعض الفرق والمنتخبات تدخل في معسكرات خارجية تمتد لشهور مما يجعل اللاعب المعاق يشعر بأنه ليس أقل من غيره من اللاعبين الأسوياء. وما حققته رياضة المعوقين وتحديدا ذوي الإعاقة الذهنية خلال مشاركتهم الأخيرة في دورة الألعاب الإقليمية الرابعة للأولمبياد الخاص لمنطقة الشرق الأوسط وشمال أفريقيا (للمعاقين ذهنيا) التي احتضنتها تونس العاصمة خلال الفترة من 4 إلى 7 سبتمبر الجاري وسط مشاركة عربية متميزة وصلت إلى 17 دولة عربية من بينهم إيران وهي المرة الأولى التي تشهد فيها الدورة هذا العدد الكبير من الدول المشاركة حيث فاق عدد المشاركين من 400 رياضي تنافسوا في لعبات خماسي كرة القدم وتنس الطاولة وألعاب القوى والهوكي الأرضي وكرة السلة للسيدات ما حققته مشاركة السلطنة بالفعل كان شيئا يثلج الصدر ولم تكن التجربة سهلة بل نظرة الأمل وأمنيات الحصول على الميداليات بمختلف أنواعها كانت هي السمة التي تمسك بها كل مشارك لتعود البعثة العمانية وهي تزين رقاب لاعبيها 22 ميدالية متنوعة فهذا بحد ذاته إنجاز جعل الجميع يتحدث عنه ولكن الأمنية أن يكون الحديث مشفوعا باهتمام وعناية أكبر من ذلك . وقد شاركت السلطنة في الدورة بأربع لعبات هي خماسي كرة القدم التي حصلت فيها على الميدالية الفضية والسباحة وجنت فيها 3 ذهبيات وبرونزيتين وتنس الطاولة وحصلت فيها على ذهبية الفردي وبرونزية الزوجي وألعاب القوى التي جنى فيها الفريق نصيب الأسد من الميداليات بلغت 7 ذهبية وفضيتين و5 برونزيات وشهدت المشاركة وجود مكان للفتاة العمانية وهي المرة الأولى التي تشارك فيها ببطولة خارجية وتحقق فيها ميداليات أيضا. ألعاب القوى سجل لاعبو ألعاب القوى في هذه الدورة حضورا مميزا وما يميز هذه المشاركة هي وجود فتاتين لأول مره في تاريخ مشاركات السلطنة ولم يكن حضورهما للنزهة أو لشم نسيم الهواء العليل بل كان طموحهما من البداية الحصول على الميداليات وفق الإمكانيات والقدرات البدنية التي لديهم ولم نكن نتوقع أن تكون فرحة الأهل بتلك الصورة التي لقيناها عند وصولهما مطار السلطنة وهما يحملان الميداليات في أعناقهما وهذا دليل على مدى التطور الكبير الذي تشهده رياضة المعاقين ووقوف الأهالي إلى جانب أبنائهم له دور كبير في تطوير ودمج المعاق مع أقرانه في المجتمع حيث حصدت ألعاب القوى لوحدها في الدور عدد 7 ميداليات ذهبية وفضيتين و5 برونزيات على مدى يومين من المنافسات حيث تمكنت اللاعبة ماريا بنت مبارك الكليبي أن تتألق وتتميز في مسابقة الوثب الطويل ضمن المجموعة الثالثة بعد أن تركت حاجز الخوف لتخطف الميدالية الذهبية وهي فرحة بها وفي نفس المسابقة كانت الميدالية الذهبية الثانية من نصيب اللاعبة رحمة بنت محمد التوبي ضمن المجموعة الثانية لتنال هي الأخرى ميداليتها وظلت طوال الوقت وهي تنظر الميدالية المعلقة في رقبتها سعيدة فرحة بها وفي مسابقة 100 متر للفتيات استطاعت اللاعبة ماريا الكليبي ان تفوز بالميدالية البرونزية فيما حلت رحمة التوبي في المركز الرابع ضمن نفس المسابقة . وحصل اللاعب طلال بن سعيد الجابري على ميداليتين ذهبيتين في مسابقتي دفع الجلة للمجموعة الثالثة بعد ان سجل مسافة 10.94 متر وفي 400 متر وفي نفس المسابقة حصل اللاعب صالح بن عيسى العوفي على المركز الثاني لتكون الميدالية الفضية من نصيبه . وفي مسابقة 100 متر المجموعة السابعة استطاع اللاعب ماجد بن حمد الناعبي الحصول على الميدالية البرونزية بعد منافسة قوية من جميع المتسابقين المشاركين وحصل اللاعب سهيل بن جابر البوسعيدي على الميدالية البرونزية في مسابقة دفع الجلة في المجموعة السادسة. وفي مسابقات العاب القوى النهائية التي جرت في اليوم الثاني كانت الميدالية الذهبية من نصيب المتسابق صالح بن عيسى العوفي في مسابقة 800 متر بعد أن سجل زمن قدره 2.21.58 دقيقة وكانت هناك ميدالية ذهبية أخرى من نصيب اللاعب سهيل بن جابر البوسعيدي بعد فوزه بالمركز الأول في مسابقة الوثب الطويل ضمن المجموعة السادسة مسجلا مسافة 6.78 متر فيما حازت اللاعبة المتألقة رحمة بنت محمد التوبي على الميدالية الذهبية في مسابقة دفع الجلة ضمن المجموعة الثالثة مسجلة مسافة 4.51 متر وكانت الميدالية الفضية الوحيدة في اليوم الثاني من منافسات ألعاب القوى كانت من نصيب اللاعب ماجد بن حمد الناعبي في مسابقة الوثب الطويل ضمن المجموعة الخامسة وحصلت اللاعبة ماريا بنت مبارك الكليبي على الميدالية البرونزية في مسابقة دفع الجلة ضمن المجموعة الثالثة وفاز فريق التتابع 4100متر على الميدالية البرونزية ضمن المجموعة الثالثة حيث تكون الفريق من صالح العوفي وماجد الناعبي وسهيل البوسعيدي وطلال الجابري. ولم يكن اعداد الفريق قبل المشاركة في البطولة مطولا حيث بدأ قبل شهرين من المشاركة فقط من خلال التدريبات المتقطعة بمجمع السلطان قابوس الرياضي ببوشر تحت اشراف المدرب محمد الراشدي وفي الأسبوعين الأخيرين دخل الفريق في معسكر داخلي مغلق بالمجمع أيضا الذي شهد تدريبات مكثفة حتى موعد المشاركة في البطولة ولم يخيب الفريق الأماني بل حقق الإنجازات .
