 وافق الاتحاد العماني لكرة اليد على المشاركة في بطولتي دورة التضامن الاسلامية والمزمع اقامتها في المملكة العربية السعودية خلال شهر ابريل من عام 2005 ودورة غرب آسيا المقرر اقامتها في الدوحة 2005م جاء ذلك خلال اجتماع لجنة المنتخبات الوطنية برئاسة محمد بن علي الفارسي نائب رئيس الاتحاد . ووافقت اللجنة على تجديد عقد المدرب لمدة سنتين ويستمر حتى عام 2006 وكذلك على طلب الجهاز الفني بتزويد اللجنة بخطة وبرنامج الاعداد لهاتين البطولتين واطلاع اللجنة على التقرير الفني المقدم من المدير الفني للمنتخبات الوطنية حول مشاركة منتخب الشباب في البطولة الاسيوية التاسعة التي اقيمت بمدينة حيدر اباد الهندية خلال الفترة من 7 الى 18 سبتمبر الحالي وحل فيها المنتخب في المركز السادس والذي جاء فيه تطوير اداء اللاعبين عن السابق بفضل استمرار التدريبات والمعسكرات والمشاركات التي وفرها الاتحاد خلال العام السابق واكتساب اللاعبين لخبرة المباريات الدولية نتيجة لاستمرار التدريبات واقامة المعسكرات واستمرار المشاركة في البطولات الامر الذي ادى الى تطور المستوى من فترة لاخرى ويجب الاستمرار في اعداد وتدريب المنتخب وتهيئة كل الظروف والامكانات المتاحة بهدف المشاركة في البطولات القادمة والعمل على سد الثغرات الموجودة في بعض المراكز وبخاصة خط حراسة المرمى وايضا لاكساب اللاعبين مزيدا من الخبرات والمهارات اللازمة في البطولات الدولية. وجاء كذلك في التقرير الفني اقامة مباريات قوية متتالية للمحافظة على مستوى اللاعبين والاعداد النفسي لهم واضاف كذلك التحيز التحكيمي الذي عانى منه المنتخب في عدد من المباريات واهمها اللقاء الذي جمعه مع المنتخب الكويتي.
