 فيما يصل اليوم الجزائر منتخبنا للكرة الطائرة الشاطئية يحرز برونزية البطولة العربية باللاذقية سجل منتخبنا الوطني للكرة الطائرة الشاطئية إنجازا جديدا إلى انجازات كرة الطائرة بعد حصوله على برونزية البطولة العربية للكرة الطائرة الشاطئية التي أختتمت أمس بمدينة اللاذقية السورية بعد فوزه في مباراة تحديد المركز الثالث على المنتخب اللبناني بشوطين دون مقابل بعد مباراة قوية ومثيرة استطاع لاعبو منتخبنا بدر يوسف المقبالي وبدر سعيد الرشيدي أن يتفوقا في النهاية بفضل خبرتهما في الطائرة الشاطئية ليحققا إنجازا جديدا إلى انجازات الكرة الطائرة. وكان الثنائي المقبالي والرشيدي سبق لهما الفوز ببطولة الخليج التي استضافتها السلطنة في منتصف الشهر الجاري بعد فوزهما في المباراة النهائية على المنتخب القطري لتكون دافعا لهما للبطولة العربية التي سجلا فيها حضورا مميزا بحصولهم على الميدالية البرونزية. ويصل اليوم لاعبو منتخبنا يعقوب المقبالي وبدر الرشيدي ويرافقهما علي خلف الحمداني إداريا للجزائر للمشاركة في الدورة العربية العاشرة حيث تبدأ منافسات الطائرة الشاطئية أعتبارا من 5 أكتوبر المقبل .
