 صعد فريقا هوكي مسقط والسيب الى المربع الذهبي من منافسات كأس هوكي حضرة صاحب الجلالة بعد تعادلهم امس بهدف لكل منهما في ختام مباريات المجموعة الاولى لدور الثمانية التي اقيمت امس على ملعب الهوكي بمجمع السلطان قابوس الرياضي ببوشر. وجاءت اهداف المباراة في شوط المباراة الثاني افتتحها لاعب السيب سليم احمد في الدقيقية 44 وتمكن مسقط من تعديل النتيجة بواسطة لاعبه خان اسعد في الدقيقة 52. ادار المباراة الحكام رضا سيد ومصطفى اسماعيل ومحمد سيف وسعيد الدرمكي قاضيا واشرف عليها فنيا محمد البهلوان. وفي المباراة الثانية التي شهدت مهرجان اهداف تمكن اهلي سداب من امطار شباك السويق بنتيجة 163 ولكن لم تشفع اهداف اهلي سداب ال 16 ببلوغ دور الثمانية ليودع البطولة واحرز اهداف اهلي سداب معظمها اللاعب يونس دوريش الذي تمكن من تسجيل 15 هدفا توزعت بين شوطي المباراة حيث احرز 9 اهداف في شوط المباراة الاول في الدقائق 2 و9 و12 و16 و17 و18 و21 و26 و33 واكمل مشوار التسجيل في شوط المباراة الثاني في الدقائق 40 و43 و46 و48 و53 و69 وسجل الهدف السادس عشر شقيقه يوسف درويش في الدقيقة 67 واحرز اهداف السويق الثلاثة لاعبه ماجد جميل في الدقائق 14 و30 و53. ادار المباراة عبدالله الحارثي ومحمد سيف ومصطفى اسماعيل وسعيد الدرمكي قاضيا واشرف عليها فنيا محمد البلهوان. وتختتم اليوم منافسات دور الثمانية بلقاءين ضمن فرق المجموعة الثانية حيث يطمح ظفار الى خطف بطاقة التأهل الى المربع الذهبي بلقائه مع الخابورة في الساعة الخامسة والربع على ملعب الهوكي بمجمع السلطان قابوس الرياضي ببوشر ويليه مباشرة لقاء يجمع فريقي بوشر والهلال.
