 كتب فيصل الحبسي: توج المتسابق المخضرم خالد صومار مع ملاحه حمود الجابري بطلا للجولة الثانية من بطولة عمان للراليات لعام 2004 التي نظمتها الجمعية العمانية للسيارات ورعتها شركة مشروب رد بول بعد ان تقدم المتسابقون التسعة الذين شاركوا في هذه الجولة فقط محققا زمنا وقدره 29.05 على متن سيارته ميتسوبيشي جالانت 4 ليعتلي صدارة الترتيب العام برصيد 18 نقطة مستغلا غياب بطل الجولة الأولى الدولي نزار الشنفري الذي يستعد حاليا للمشاركة في بطولة الشرق الاوسط. لكن.. هناك تساؤل يطرحه نفسه بشكل صريح ألا وهو: لماذا تم تنظيم الجولة الثانية وسط غياب عدد من المنافسين الحقيقيين لبطولة عمان للراليات؟ سواء للمشاركات الاخرى أو لعدم جاهزية سياراتهم من أجل المشاركة والمنافسة! ومتى سيتم النهوض بهذه البطولة المحلية التي كانت بدايتها قوية ومن ثم اختفت لفترة ليست بقصيرة وها هي تسعى للنهوض من جديد؟.. كل هذه التساؤلات التي تدور في رؤوسنا ورؤوس شبابنا الطامح لمزاولة هذه الرياضة طرحناها على أنور بن علي الزدجالي مدير الرالي بالجمعية العمانية للسيارات التي أخذت على عاتقها تنظيم هذه البطولة سنويا. في البداية أكد انور صومار ان السبب الرئيسي لعدم تأجيل اقامة الجولة الثانية بسبب غياب عدد من المنافسين هو ان الجولة تم تأجيلها مرتين سابقا حيث كان من المفترض ان تقام في شهر مارس الماضي لكن ظروف المتسابقين في تلك الفترة حالت دون اقامتها وكان لزاما علينا اقامتها في هذه الفترة لأننا مرتبطون بأجندة معينة حيث من المقرر ان تقام الجولة الثالثة يومي 25 و26 نوفمبر القادم لكن بسبب شهر رمضان المبارك فهناك نية لتقديمها.. فنزار يستعد حاليا لبطولة الشرق الاوسط اضافة الى ان عددا من المتسابقين لم يجهزوا سياراتهم بعد.
