 تنس الطاولة أثبتت الفتاة العمانية بأنها قادرة على المشاركة في تحقيق الانجازات الرياضية ليست فقط كلاعبة بل كمدربة أيضا في أول تجربة للمدربة عائشة بنت محمد النبهاني التي قادت فريق تنس الطاولة في الدورة رغم خبرتها المتواضعة في هذه اللعبة لكنها كونت فريقا قادرا على المنافسة خلال فترة قصيرة لمن تتجاوز الثلاثة الأشهر عندما كانت تدرب عددا من اللاعبين من ذوي الإعاقة الذهنية بمركز الوفاء الاجتماعي التطوعي بنزوى قبل الانتقال لتدريبهم بالمجمع الشبابي بالولاية نفسها حيث تم اختيار اللاعبين فقط للمشاركة بهم في الدورة هما هلال بن عبدالله المصلحي وخالد الشريقي حيث أحرز المصلحي الميدالية الذهبية في الفردي وكانت أول ميدالية للفريق العماني في الدورة بعد فوزه في المباريات الأربع التي خاضها حيث تغلب على العراقي جعفر الشمخي بنتيجة 21 بعد منافسة قوية شهدتها هذه المباراة لكن هلال المصلحي استطاع أن ينهي الشوط الفاصل لصالحه فيما تغلب في المباراة الثانية على زميله في الفريق لاعبنا خالد الشريقي بنتيجة 2صفر حيث وقع في التصنيف معه وفي المباراة الثالثة فاز على اللاعب الأردني رائد قاسم بنتيجة 21 وفي المباراة الرابعة التي أهلته للحصول على الميدالية الذهبية فاز على اللاعب المصري محمد عواد بنتيجة 21 وكانت من أفضل المباريات التي خاضها هلال واستحق الفوز بعد أن تغلب في الشوط الاول 117 لكنه خسر في الشوط الثاني بنتيجة 911 وفي الشوط الثالث الفاصل نشط مستوى هلال رغم الفارق البسيط بينه وبين اللاعب المصري محمد عواد ليتمكن في النهاية هلال من كسب الشوط لصالحه 1110 ليفوز في مبارياته الأربع ويحصل على الميدالية الذهبية في البطولة. فيما لم يحالف الحظ اللاعب خالد الشريقي الذي خسر مبارياته الأربع التي خاضها الأولى كانت امام المصري محمد عواد صفر2 والثانية أمام العراقي جعفر شمخي وخسرها 1 2 والمباراتان الثالثة والرابعة أمام الأردني رائد قسم ولاعبنا هلال المصلحي وخسرهما صفر2 وكان السبب الرئيسي لخسارته المباريات الوضع النفسي والارتباك لأن هذه الفئة من اللاعبين قد يكون في وضع نفسي جيد سرعان ما يتغير وقد ينسحب من المباراة بدون أي سبب . أما في منافسات الزوجي فقد صنف الفريق مع البحرين والسعودية وخسر المباراتين وحسب التصنيف تكون هناك ميدالية للخاسر إذا كانت ثلاثة فرق وفي حالة أكثر من ذلك يكون هناك عبارة عن شريط والهدف منه رسم الفرحة والسعادة للاعب المعاق حيث خسر الفريق المباراة الأولى أمام السعودية بنتيجة 2صفر بعد أن جاءت نتيجة الشوطين 411 و811 وخسارتهم للمباراة الثانية أمام البحرين بنفس النتيجة وجاءت الأشواط بنتيجة 711 و411 وفاز بالمركز الأول لنفس المجموعة الفريق البحريني ليحصل على الميدالية الذهبية والسعودي على الميدالية الفضية فيما حاز الفريق العماني على الميدالية البرونزية .
