 نزوى من مؤمن الهنائي: كشف حمد بن خلف الشريقي المشرف الرياضي بنادي بهلاء النقاب عن استعداد فريق الكرة الطائرة لدوري الدرجة الاولى موضحا ان النادي يسعى حاليا لتجهيز الفريق للدوري بعد ان اكد لاعبو الفريق رغبتهم في استمرار المدرب الوطني احمد حميد الجديدي ليقود الفريق هذا الموسم وهناك خطوات حثيثة لتعزيز صفوف الفريق بلاعب باكستاني لديه امكانيات فنية عالية من جانبه ثمن المدرب احمد الجديدي ثقة النادي والرغبة الصادقة للاعبي الفريق ليكون مدربا للفريق هذا الموسم واشاد احمد الجديدي بالمجموعة الشابة وعناصر الخبرة وما تحمله من تطلعات للدفاع عن الوان النادي في دوري الكرة الطائرة. واضاف احمد الجديدي: لعل من حسن الحظ ان نخوض دوري الدرجة الاولى في الكرة الطائرة مع تواجد كوكبة متميزة تألقت مع المنتخبات الوطنية مؤخرا مشيرا الى الدوليين سعود حمد الريامي احد العناصر المهمة في اي فريق ومحمد القمشوعي وحمد الهنائي وسليمان القمشوعي وعلي العلوي وسعود النبهاني اضافة الى الدولي السابق حمد القمشوعي وعلي الحارثي وطالب الشقصي ويوسف الهنائي واحمد المحروقي وزايد الربعاني وهاني الهنائي واوضح الجديدي ان الباب مفوح والفرصة سانحة لدخول اي لاعب لديه الرغبة لتمثيل النادي وسيحظى جميع اللاعبين بالاهتمام والمتابعة.
