 نجح حارس مرمى منتخبنا الوطني علي الحبسي في قيادة فريقه لين النرويجي للوصول به الى نهائي كأس النرويج لكرة القدم بعد الفوز على فريق ليستريم في الدور قبل النهائي 1صفر.. وذلك بعد 10 سنوات من غياب لين عن نهائيات الكأس. وسيلعب لين مباراته النهائية في الكأس مع فريق براند بيرج يوم 7 نوفمبر القادم.. فيما سيشارك الحبسي في هذه المباراة لقيادة فريقه في المباراة النهائية بعد موسمين من احترافه في النرويج. وكان قد تم اختيار الحبسي للقب احسن لاعب في الاسبوع الماضي من المسابقة.. بعد فوزه بجائزة احسن حارس 3 مرات خلال هذا الموسم. ويتنافس الحبسي مع حارس فريق سيلارينجا على لقب احسن حارس لهذا الموسم بعد ان ظلا كلاهما اقل فريقين يدخل في مرماهما الاهداف (19 هدفا) لكل فريق. وسيشارك علي الحبسي مع منتخبنا الوطني في مباراته المرتقبة مع المنتخب الياباني في تصفيات كأس العالم يوم 13 اكتوبر القادم وقبلها في مباراته التجريبية مع منتخب العراق يوم 7 اكتوبر القادم. وقال علي الحبسي : لقد قدمت مستوى طيبا يليق بسمعة الكرة العمانية خلال الموسمين الماضيين مع فريقي لين وقد اكتسبت الكثير من الثقة خلال مشاركاتي في مسابقة الدوري او الكأس.. واتمنى ان نوفق في نهائي الكأس لاحراز اللقب لانه سيساعد فريقي في احراز تقدم معنوي على صعيد المسابقات التي يخوضها والمشاركة على اقل تقدير في بطولة كأس الاتحاد الاوروبي. وكان مشوار لين في بطولة كأس النرويج كالتالي: الفوز على سالانجن 71 وعلى اوستسايدن 21 وعلى فريج 32 وعلى فارد هوجسون 4صفر وعلى هام سام 31 وعلى ليل ستروم 1صفر. 
