 غياب المنافسة وعدنا بأنور صومار الى أحداث الجولة الثانية التي اقيمت الجمعة الماضي وسألناه عن غياب المنافسة التي كانت محصورة مسبقا أي قبل بداية الجولة للمتسابق المخضرم خالد صومار الذي لم يجد صعوبة في الفوز حيث قال: بالطبع التنافس كان محصورا بين خالد صومار واحمد العبيداني الذي قدم مستوى جيدا في المواسم السابقة كما انه شارك بسيارة جديدة هذه المرة.. لكن العبيداني اعلن انسحابه في المرحلة الرابعة ليسمح لخالد بالتقدم بكل راحة وأعتقد ان سبب خروج العبيداني هو الرعونة في القيادة والتسرع كما ان سيارته الجديدة وصلت قبل يومين عكس خالد الذي تدرب على سيارته منذ شهر تقريبا. في الوقت نفسه ظهر منافس فجأة لخالد وهو ابراهيم العبري الذي سبب بعض التخوف لدى خالد من الخسارة الا ان الخبرة التي يتمتع بها خالد مكنته من تحقيق الفوز والتصدر واتوقع ان تشهد الجولتين القادمتين تنافسا شديدا واذا ما واصل خالد تحقيق النقاط فانه سيكسب اللقب من نزار الذي سيعود في الجولة القادمة بكل قوة لتعويض ما فاته.
