 الرئيس الجزائري يعلن افتتاح عربي 10 2 تنظيمية كرة القدم تقرر: خليجي 23 بنظام الذهاب والأياب 2 2 3 منتخبنا لشباب الهوكي يخوض اليوم مباراة تجريبية هامة في بنغلاديش 4 كاتوشاك يقدم تقريرا عن مشاركة منتخب شباب اليد في البطولة الاسيوية 5 قراءة فى الأسبوع الأول لدورى الأضواء 6 علي الحبسي يواصل تألقه في النرويج 7 مسابقات السلة تناقش تعديل اللائحة 8 في نصف ماراثون صنعاء منتخبنا يحصل على المركزين التاسع والسابع عشر 9 اليوم.. حفل سحب قرعة بطولة عمان المفتوحة للتنس 8 1 الرئيس الجزائري يعلن افتتاح عربي 10
