 اقر اتحاد السلة فتح باب المشاركة في بطولة دوري عام السلطنة للموسم الرياضي 20042005 اعتبارا من يوم السبت القادم وعلى ان يتم غلق باب التسجيل يوم 12 ديسمبر القادم وينطلق الدوري اعتبارا الاول من يناير من العام المقبل جاء ذلك في اجتماع لجنة المسابقات برئاسة عادل بن حمدان السعيد يوم الاحد الماضي. واطلعت اللجنة خلال اجتماعها على لائحة المسابقات المعدلة وتمت الموافقة عليها وتقرر رفعها الى مجلس ادارة الاتحاد للموافقة عليها واعتمادها من جهات الاختصاص بالهيئة وإطلعت كذلك على خطة اللجنة والبرنامج الزمني للموسم الرياضي 20042005م وتقرر ان تكون بطولة الايام الاولمبية الثامنة للموسم الرياضي 2005 بمشاركة مراكز تدريب الناشئين التي ستقام في المحافظات والمناطق. ووافقت اللجنة على المشاركة مع الجالية الفلبينية في احتفالها الذي سيقام في الاول من اكتوبر القادم وذلك بمشاركة بعض الاندية وفريق كرة السلة للفتيات وصغار السن وذلك بالتنسيق مع دائرة مجمع السلطان قابوس الرياضي ببوشر لاقامة المباريات الاستعراضية ووافقت اللجنة كذلك على تكليف خالد بن سعيد الحوسني رئيس لجنة تطوير لعبة كرة السلة بالمدارس وبعض مدربي الاندية الذي سيتم اختيارهم لمتابعة بطولة المدارس التي تنظمها المديرية العامة للتربية والتعليم بمحافظة مسقط لاختيار لاعبين صغار السن لتكوين فريق صغار كرة السلة الذي سيشارك في مهرجان كرة السلة للصغار الذي سيقام بمملكة البحرين في العام القادم 2005م. 
