 الاصابة تطارد رفع الاثقال ولم يكن الحظ ايضا الى جانب رباعنا يوسف بن سعيد الحسني حيث تعرض الى الاصابة خلال مشاركته في مسابقة رفع الاثقال وانسحب من اول محاولة. وكان لاعبنا على اتم الاستعداد ولم يكن بن أي علة تذكر قبل المشاركة الا ان الوزن الزائد اثر على قدمه ولم يستطع المواصلة. إصابات بالجملة بين أعضاء بعثتنا تعرض الكثير من اعضاء بعثة السلطنة المشاركة في الدورة الرياضية العربية بالجزائر الى الاصابة. وكانت الاصابة تلاحق اعضاء البعثة وكأن عينا واصابتهم. فقبل المشاركة اصيب خالد النبهاني لاعب منتخب التنس وخرج من الدورة وفي الدورة اصيب سليمان الرواحي لاعب التنس وانسحب كما اصيبت فاطمة النبهاني بوعكة صحية وهي تتعالج حاليا وفي نفس الوقت تعثرت هدى محمد مصطفى مدربة التنس الارضي مرتين في الملعب الاولمبي وتمت معالجتها من بعض الرضوض. واصيب ايضا يوسف سعيد الحسني لاعب رفع الاثقال وخرج من المنافسة. نتمنى ان تكون هذه الاصابات اخر ما نراه في الدورة وبعد الدورة وان يتعافى لاعبونا وينعمون بالصحة والعافية.
