 تلقى اتحاد الكرة رسالة رسمية من قبل اللجنة التنظيمية لكرة القدم بمجلس التعاون لدول الخليج العربية تبلغه فيها بتغيير نظام بطولة مجلس التعاون الثالثة والعشرين للاندية ابطال الدوري العام باعتماد اقامتها بطريقة الذهاب والاياب ابتداء من الموسم الرياضي 20042005 بمشاركة بطل الدوري وكأس موسم 20042005. وكان من المفترض ان تستضيف السلطنة هذه البطولة ممثله في نادي مسقط ولكنه لم تقم بسبب المشاكل المالية التي وقعت بين اللجنة التنظيمية والشركة الراعية للبطولة والتي حالت دون اقامتها والتي كان من المقرره اقامتها في الشهر الجاري بمشاركة جميع اندية مجلس التعاون الخليجي . كما قامت اللجنة بمخاطبة اتحادات دول مجلس التعاون بشأن ابداء الرأي في مشاركة اللاعب الاجنبي في بطولات اندية مجلس التعاون الخليجي للكبار في البطولة القادمة حيث سيتم مناقشة ردود الاتحادات بهذا الشأن في اجتماع اللجنة التنظيمية القادم بالكويت . من جانب اخر خاطبت اللجنة التنظيمية اتحادات الامارات والسعودية وقطر لموافاتها بشأن الرغبة من عدمها في استضافة البطولة الرابعة لمنتخبات الناشئين مشيرا الى ان اللاعبين المشاركين في البطولة من مواليد عام 1990. 
