 (ناطق هاشم) سيرة ذاتية رائعة عرف التألق والابداع كلاعب متميز ومدرب قدير الجماهير الخليجية أطلقت عليه لقب بلاتيني العراق اطلق عليه في بلاد الرافدين (بلاتيني العراق) حيث عرف ناطق هاشم قمة التألق والابداع مع انضمامه الى صفوف فريق نادي القوة الجوية احد اعرق الاندية المحلية في العراق والذي استمر في مسيرة العطاء معه حتى عام 1989 وفي تلك الفترة تفجرت موهبته وامكانياته الكبيرة التي فرضت نفسها على المدرب العراقي المعروف عمرو بابا الذي دفع به في المباريات الدولية فخطف الاضواء من الجميع وترك بصمته الواضحة على خط وسط المنتخب العراقي الى جوار زملائه فكان انجازه الكبير الفوز بلقب بطولة كأس الخليج عام 1984 التي استضافتها مسقط بالاضافة الى مساهمته المتميزة في وصول منتخب بلاده العراق لاول مرة الى نهائيات المونديال في المكسيك عام 1986.. واذ كانت رحلته كلها عطاء متميز كلاعب.. فان الاستفادة الكبرى جاءت من خلال دخوله سلك التدريب حيث تميز ايضا مع كل الفرق التي قادها وزادت شهرته من خلال تواجده في السلطنة حيث لمع اسم ناطق هاشم كثيرا من خلال قيادته المتميزة واستطاع ان يترك بصمة واضحة ستبقى رغم رحيله شاهد عيان على مكانته كلاعب ومدرب نجح في مهمته بامتياز.
