 القطاع الخاص ساهم في الإنجاز كان للقطاع الخاص دور كبير في تحقيق هذا الانجاز بعد أن قدمت الشركة العمانية للإتصالات المتنقلة (عمان موبايل) دعمها المادي لفريق الأولمبياد الخاص العماني الذي يثمن لهذا الدعم وكان له دور كبير في جعل الفريق يشارك في هذه الدورة ومساهمة الشيخ سعود بن سالم بهوان الذي تبرع بتقديم تذاكر السفر للاعبين والجهاز الفني فكانت هذه اللفته الكريمة دور كبير في إدخال الفرحة لهؤلاء اللاعبين. فإن وقفت القطاع الخاص مع هذه الشريحة الهامة في مجتمعنا دور كبير لدمجهم في المجتمع المحلي والمجتمعات الخارجية فإذا كانت هذه المشاركة المثالية للسلطنة في البطولة جاءت بالانجازات فيجب على مختلف مؤسسات القطاع الخاص أن تساهم حتى ولو بالجزء البسيط ليتواصل إعداد هؤلاء اللاعبين من أجل المشاركات القادمة وإيجاد ملاعب وقاعات للتدريب تنشأ من أجلهم في المستقبل.
