 أوقعت لجنة المسابقات باتحاد الكرة غرامة مالية على نادي الرستاق مقدارها 500 ريال عماني بجانب خسارته نتيجة المباراة صفر 2 نظرا لاعتذاره عن عدم أداء المباراة المقررة مع نادي الاتحاد يوم 17 سبتمبر الجاري في مسابقة كأس حضرة صاحب الجلالة السلطان المعظم لكرة القدم وذلك استنادا إلى المادة 21 من لائحة المسابقات . واعتمدت اللجنة قرارا باختيار أسبوعي للنادي الفائز بجائزة اللعب النظيف للدوري العام وفق آلية الأسس والمعايير التي ستحدد لذلك ويمنح الفريق جائزة عبارة عن كأس بعد نهاية الدور الأول وبعد نهاية الدور الثاني ستخصص جائزة مالية . واعتمدت اللجنة نتائج مباريات الأسبوع الأول لدوري الدرجة الأولى وكذلك برنامج زيارات اللجنة المكلفة بمعاينة ملاعب الأندية حيث ستقوم اللجنة اليوم بزيارة نادي العروبة والطليعة وتتكون اللجنة المكلفة من محمد بن صالح العلوي نائب رئيس لجنة المسابقات ومسئول الحكام بالشرقية وموظف الاتحاد بالدائرة كما ستقوم اليوم اللجنة المكلفة بمحافظة ظفار بزيارة ناديي الاتحاد والهلال وتتكون اللجنة من بدر بن علي الرواس عضو مجلس الإدارة ومسئول الحكام بالمحافظة وموظف الاتحاد بالدائرة . وسوف تقوم اللجنة يوم الأحد القادم بزيارة نادي النهضة بمنطقة الظاهرة وتتكون اللجنة المكلفة لهذه الزيارة من علي بن مبارك الحوسني رئيس لجنة الحكام ومسئول الحكام بالظاهرة وموظف الاتحاد بدائرة الهيئة بالظاهرة كما ستقوم يوم الاثنين القادم بزيارة نادي الخابورة في منطقة الباطنة وتتكون اللجنة المكلفة لهذه الزيارة من علي بن مبارك الحوسني رئيس لجنة المسابقات ومسئول الحكام بالمنطقة وموظف الاتحاد بدائرة الهيئة بالباطنة. وسوف تقوم اللجنة يومي 4 و5 اكتوبر المقبل بزيارة أندية محافظة مسقط وهي اهلي سداب ومسقط وفريق عمان والسيب وتتكون اللجنة المكلفة بالزيارة من فهد بن عبدالله الرئيسي امين السر الاتحاد وفهد بن راشد الدرعي عضو مجلس الإدارة مسئول الحام بمسقط وسالم بن علي رجب مسؤول الملاعب. 
