 وصلت بعثة منتخبنا الوطني لشباب الهوكي الى بنغلاديش بشكل مبكر لعمل معسكر قصير هناك قبل المشاركة في فعاليات البطولة الاسيوية لشباب الهوكي والتي ستجري في بنغلاديش خلال الفترة من 30 سبتمر الى 7 من شهر اكتوبر القادم. وقد نجحت جهود الوفد الاداري في تأمين اقامة مباراة تجريبية واحدة اليوم امام فريق البحرية البنغلاديشي وذلك للوقوف على الحالة الفنية للاعبي منتخبنا استعدادا لهذه المشاركة الهامة حيث سيخوض منتخبنا اولى لقاءات البطولة الاسيوية امام افغانستان يوم 30 من شهر سبتمر الحالي. ووصل عدد المنتخبات المشاركة في البطولة الى 5 منتخبات فقط هي منتخبنا وبنغلاديش وافغانستان ومينمار والهند التي حلت مكان المنتخب الايراني الذي انسحب في آخر لحظة. الجدير بالذكر ان بعثة منتخبنا في هذه المشاركة الهامة يترأسها مصطفى مال الله وعبدالرضا يحيى اداريا وطرماح عبدالحسين مدربا واحمد الدرمكي مساعدا للمدرب وحمود الوهيبي مدربا لحراس المرمى بالاضافة الى 16 لاعبا هم: اسلم بن علي البلوشي وهاني بن مبارك الكليبي ومروان بن عبدالرحمن الرئيسي وخالد بن سعيد النوفلي وعائد بن شعبان بن عبيد وحسنى بن مبارك الشبلي ومرشد بن ربيع بن سعيد واكرم بن جمعان وايمن بن توفيق وسمير بن حليس الشبلي وامجد بن صديق وسامي بن جمعة الزدجالي واحمد بن مرهون الجهضمي وحسين بن عبدالله الحسني وخليل بن مرهون الحسني. 
