 تنطلق اليوم منافسات بطولة عمان الثالثة المفتوحة للتنس بسبعة لقاءات بعد اجراء حفل سحب القرعة امس تحت رعاية الرئيس التنفيذي للبنك البريطاني رد شارد راعي البطولة بمشاركة 105 لاعبين ولاعبات تم تقسيمهم حسب الفئات العمرية الى مجموعات والتي تمثلت في فردي الرجال وفردي السيدات وزوجي رجال وتحت 14 سنة اولاد وبنات وتحت 12 سنة اولاد وبنات وتحت 10 سنوات اولاد وبنات وزوجي مختلط وفردي الرواد. وجاء حفل سحب القرعة الذي اقيم بمقر الاتحاد بالهيئة العامة لانشطة الشباب الرياضية والثقافية بكلمة ترحيبية براعي المناسبة ودعم البنك البرياطني للبطولة هذا العام بعدها قدم نائب رئيس الاتحاد علي المنذري ايجازا مفصلا عن البطولة ومن ثم قام راعي المناسبة باجراء القرعة على لاعبي الفئات العمرية وقدم مدير البطولة شرحا موجزا حول توزيع الفئات العمرية الى مجموعات. وتنطلق لقاءات اليوم ابتداءا من الساعة الرابعة والنصف عصرا حيث يلتقي في فئة تحت 10 سنوات عبدالرحيم البلوشي مع سرحان الفهدي وسعود الشرجي وسلطان النبهاني وعبدالله البلوشي مع فهر المعمري وعبدالملك ناصر مع اسامة الفهدي ثم يلاقي عمرون البلوشي عبدالله المنذري ومحمد هاني احمد ضد منتصر الحسان وفهد المعمري مع كرين نجاي. ويحرص الاتحاد على اقامة هذه البطولة منذ عام 1986 واقتصرت في ذلك الوقت على اللاعبين العمانيين حتى عام 2000م وتم تغيير مسمى البطولة لتصبح بطولة عمان المفتوحة تم خلالها السماح للاعبي التنس المقيمين والوافدين بالمشاركة في هذه البطولة التي تم تنظيمها من الاتحاد وهذا الاجراء فتح باب الاحتكاك للاعبي المنتخبات الوطنية مع اللاعبين الاجانب.
