 مسيرة ناطق هاشم ولد ناطق هاشم في عام 1960 في أحد الأحياء الفقيرة الذي يعرف الأن بمدينة الصدر وترعرع فيه واظهر في ساحاته الشعبية مهاراته المبكرة قبل ان يبدأ مشواره الطويل مع كرة القدم من خلال أحد الأندية البغدادية يعرف بنادي الأمانة عام 1978 ليمثله موسمين متتالين حقق فيها نجاحا جعل الفرق الجماهيرية تفكر في ضمه. وفي مطلع الثمانينيات انتقل إلى صفوف نادي القوة الجوية احد اعرق الأندية المحلية وبقي معه حتى عام 1989، وهي الفترة ذاتها التي ارتدى فيها قميص المنتخب العراقي مدافعا عن ألوانه في بطولات عدة ترك فيها بصمات واضحة فكان ابرز لاعبي خط الوسط بقدراته ومهاراته التي عرف من خلالها بلقب بلاتيني العراق. ساهم ناطق هاشم مع المنتخب في صنع إنجازات كثيرة منها بطولة كأس الخليج العربي عام 1984 في مسقط، وفي بلوغ منتخب العراق نهائيات كأس العالم في المكسيك عام 1986 واعتزل اللعب مطلع التسعينيات واتجه الى عالم التدريب وقاد فريقه السابق القوة الجوية في اكثر من موسم وحقق معه نتائج طيبة، ثم احترف العمل التدريبي مع نادي الراسينغ اللبناني لعامين. بعدها بدأ ناطق هاشم رحلة تدريبية في سلطنة عمان حيث قاد فريق صحم لأول مرة الى دوري الأضواء وأبلى بلاء حسنا بعدها ليقود تدريب فريق صور لمدة موسم واحد ليتعاقد بعدها مع نادي مسقط الذي استغنى عن خدماته قبل المشاركة في بطولة الاندية العربية. 
