 لندن د. ب. أ : يواجه العديد من الاندية الكبيرة مهمة صعبة للغاية عند خوض لقاءات الاياب في الدور الاول لكأس الاتحاد الاوروبي اليوم ويحتاج بعضها للفوز بعدد وافر من الاهداف لضمان التأهل للدور الثاني (دور المجموعات) ويأتي على رأس هذه الاندية فريق ريد ستار بلغراد الصربي الذي ينافس حاليا تحت اسم (كرفينا زفيزدا) حيث يستضيف فريق زينيت سان بطرسبرغ الروسي في مواجهة صعبة يحتاج فيها ريد ستار صاحب التاريخ الكبير للفوز بخمسة أهداف على الاقل ليتأهل للدور الثاني بعد أن خسر ذهابا صفر4 ولذلك فإن الفريق بحاجة فعلا إلى معجزة حيث أنه سيخوض المباراة بقيادة مدرب جديد هو راتكو دوستانيتش الذي تولى مسئولية الفريق خلفا للمدرب ليوبكو بيتروفيتش الذي استقال عقب هزيمته في مباراة الذهاب ويترقب دوستانيتش المواجهة الصعبة ويقول أنا سعيد وكل المدربين في صربيا لديهم رغبة واحدة وهي تولي مسئولية تدريب كرفينا زفيزدا. الان أصبح كل شيء متوقفا علي وعملي مع اللاعبين الشبان ومن الفرق التي تواجه اختبارا صعبا في لقاءات الغد فريق ستيوا بوخارست الروماني الفائز بدوري أبطال أوروبا عام 1986 الذي يحل ضيفا على سيسكا صوفيا البلغاري وكان الفريق الروماني قد فاز على ملعبه ذهابا بنتيجة غير مطمئنة ومن الاندية الكبيرة التي تواجه خطورة الخروج المبكر فريق بارما الايطالي آخر نادي إيطالي يفوز باللقب عام 1995 عندما يحل ضيفا على ماريبور السلوفيني علما بأن بارما فاز على ملعبه ذهابا 32 أما فريق أودينيزي الايطالي فيسعى لتعويض هزيمته ذهابا 13 عندما يستضيف فريق بانيونيوس اليوناني ويحتاج غلاسغو رنغرز الاسكتلندي الذي أصيب بخيبة أمل كبيرة في التصفيات المؤهلة لدوري أبطال أوروبا قبل أن يخوض منافسات البطولة الحالية لتحقيق الفوز على ضيفه ماريتيمو البرتغالي بعد أن خسر ذهابا في البرتغال صفر1 ومنح كأس الاتحاد الاوروبي الفرصة لبعض الاندية التي لا تنتمي للدرجة الاولى في البطولات المحلية للمنافسة سواء كانوا من الفائزين ببطولات الكأس المحلية أو الفرق التي خاضت نهائي الكأس في بلادها أمام فرق تأهلت إلى دوري أبطال أوروبا ولكن من الواضح أن حلم التأهل للدور الثاني تضاءل بالنسبة لبعض هذه الاندية ومنها ميلوال أحد أندية الدرجة الثانية في الدوري الانكليزي حيث تعادل الفريق على ملعبه ذهابا مع فيرنسفاروسي المجري 11 ويحتاج للتعويض والفوز خارج ملعبه أما فريق شاترو الفرنسي فأصبحت مهمته شبه مستحيلة بعد أن خسر ذهابا صفر4 أمام بروج البلجيكي ولا يشذ عن ذلك سوى فريق ألمانيا آخن أحد أندية الدرجة الثانية في ألمانيا الذي شارك في البطولة بعد أن خسر نهائي كأس ألمانيا أمام فيردر بريمن الذي يشارك في دوري الابطال ونجح الفريق في تحقيق الفوز ذهابا على هافنارفيوردر الايسلندي في عقر داره 51 ولذلك تبدو مهمته سهلة للغاية في التأهل للدور الثاني وقد يصبح ألمانيا آخن أحد أربعة أندية ألمانية تتأهل للدور الثاني حيث فاز شتوتغارت 31 ذهابا على أوغبيست المجري في عقر داره أيضا كما فاز شالكه على ميتالورغس من لاتفيا 51 ذهابا في ألمانيا ونجح فريق بوخوم في تحقيق تعادل سلبي ثمين مع ستاندر لييغ في عقر داره ذهابا لتصبح فرصة شتوتغارت وشالكه وبوخوم سهلة في مباريات الاياب غدا وإن كان بوخوم في حاجة لاستعادة توازنه بعد الهزيمة في مطلع الاسبوع الحالي 14 أمام فيردر بريمن في الدوري الالماني ويخوض هيرنيفين الهولندي مباراة حاسمة على ملعبه أمام مكابي بتاح تيكفا الاسرائيلي بعد أن قرر الاتحاد الاوروبي للعبة (يويفا) أن تكون المواجهة بينهما من لقاء واحد بعد أن تسببت احتفالات إسرائيل بالسنة العبرية الجديدة في تأجيل مباراة الذهاب ثم ألغيت المباراة بسبب إضراب العمال في إسرائيل وعدم تمكن هيرنيفين من السفر إلى هناك في الموعد الجديد وفي باقي مباريات الدور الاول يلتقي دينامو تفليس الجورجي مع فيسلا كراكوف البولندي وكان دينامو قد خسر ذهابا 34 ويلتقي غنشلر بيرليغي التركي مع إيغاليو اليوناني (صفر1 ذهابا) ودنيبرو بتروفسكي الاوكراني مع مكابي حيفا الاسرائيلي (صفر1 ذهابا) وأميكا البولندي مع فيتسبيليس اللاتفي (11 ذهابا) ودينامو بوخارست الروماني مع بارتيزان بلجراد الصربي (13 ذهابا) وستابياك النرويجي مع سوشو الفرنسي (صفر4 ذهابا) ويلتقي سيغما التشيكي مع ريال سرقسطة الاسباني (صفر1 ذهابا) وليتيكس لوفيتش البلغاري مع جراتز النمساوي (صفر5 ذهابا) وبراغا البرتغالي مع هارتس الاسكتلندي (13 ذهابا) وبشكتاش التركي مع بودو جليمت النرويجي (11 ذهابا) وليل الفرنسي مع شيلبورن الايرلندي (22 ذهابا) وبيفيرين البلجيكي مع ليفسكي صوفيا البلغاري (11 ذهابا) وأوزير الفرنسي مع البورج الدنمركي (11 ذهابا) وألكمار الهولندي مع باوك اليوناني (32 ذهابا) وديورغاردنز السويدي مع أوتريخت الهولندي (صفر4 ذهابا) ويلتقي أيضا فينور الهولندي مع أود غرينلاند النرويجي (1صفر ذهابا) وبازل السويسري مع تيريك غروزني الروسي (11 ذهابا) وإيلفسبورغ السويدي مع دينامو زغرب الكرواتي (صفر2 ذهابا) وآيك أثينا اليوناني على جوريكا السلوفيني (11 ذهابا) واتحاد بني سخنين الاسرائيلي على نيوكاسل (صفر2 ذهابا) وليغيا وارسو البولندي مع أوستريا فيينا النمساوي (صفر1 ذهابا) ورابيد فيينا النمساوي مع سبورتنج لشبونة البرتغالي (صفر2 ذهابا) ويلعب بنفيكا البرتغالي مع بايستريكا السلوفاكي (3صفر ذهابا) وأوسترافا التشيكي مع ميدلسبروه الانكليزي (صفر3 ذهابا) وناسيونال البرتغالي مع أشبيلية الاسباني (صفر2 ذهابا) ولاتسيو الايطالي مع ميتالورغ دونيتسك الاوكراني (3صفر ذهابا) وأتليتك بلباو الاسباني مع ترابزون سبور التركي (23 ذهابا) وفياريال الاسباني مع هاماربي السويدي (21 ذهابا) وسيتأهل الفائزون في مجموع المباراتين من كل مواجهة وعددهم 40 فريقا إلى الدور الثاني (دور المجموعات) وهي المرة الاولى في تاريخ البطولة التي يقام فيها هذا الدور بنظام المجموعات. 
