 خرجت نتائج بطولة عمان الثالثة المفتوحة للتنس التي انطلقت فعالياتها امس على ملاعب مجمع السلطان قابوس الرياضي ببوشر بمشاركة 105 لاعبين ولاعبات تم توزيعهم على مجموعات وفئات عمرية مرضية ومقنعة لجميع اللاعبين. حيث اقيمت امس ثمانية لقاءات في فئة تحت 10 سنوات حيث تمكن خلالها اللاعب سرحان الفهدي من الفوز على عبدالرحيم البلوشي بنتيجة95 وفاز سعود الشرجي على سلطان النبهاني بنتيجة 93 وفاز عبدالملك ناصر على اسامة الفهدي 98 بعد ان تعادل اللاعبان في الفترات الاولى وفاز عبدالله المنذري على عمران البلوشي 91 وخسر منتصر الحسين امام محمد احمد بنتيجة 97 وفاز كارين على فهد المهمري 93 ومحمد الرئيسي على هيثم البلوشي بنتيجة 91. وتقام اليوم ثمانية لقاءات ضمن فئة تحت 12 سنة اولاد في تمام الساعة الرابعة والنصف على ملاعب التنس بمجمع السلطان قابوس الرياضي ببوشر حيث يلتقي عريب يوسمن مع خالد الرئيسيي ويلعب عبدالملك ناصر مع تريك ميلزر وصالح صبري مع كارين ناجي ويلتقي عبدالله المنذري مع عبدالله البلوشي وتلاقي الفتاة الوحيدة في هذه المجموعة صبراء البكري مع فيصل المعمري وعبدالله العصفور مع منتصر الحسن ويلعب وليد جمعة مع كرن نجاي ومتلا الرواحي مع طيف الزدجالي.
