 تغادر بعثة منتخبنا الوطني لالعاب القوى اليوم الى العاصمة الهندية نيودلهي للمشاركة في بطولة العالم للنصف ماراثون الثالثة عشرة المقرر انطلاقها يوم الاحد القادم والبعثة مكونة من اللاعب يوسف بن محمد الحضرمي ومدربه خميس بن حمد الحارثي. وتأتي مشاركة المنتخب في هذه البطولة استعدادا للمشاركة في بطولة الخليج لاختراق الضاحية في الكويت خلال شهر ديسمبر المقبل وسبق للمنتخب ان شارك يوم الخميس الماضي في بطولة نصف ماراثون صنعاء الدولي الثامن على كأس الرئيس اليمني واحتل خلالها المنتخب المركزين التاسع والسابع عشر ممثلا في اللاعبين يوسف الحضرمي وزاهر الراشدي. ومن جهة اخرى سوف يغادر الشيخ سعود بن حمد الرواحي رئيس الاتحاد العماني لالعاب القوى يوم السبت الى العاصمة الهندية لحضور بطولة العالم للنصف ماراثون بعد الدعوة التي تلقها من رئيس الاتحاد الاسيوي.
