 , , , - 1 2 0000أعلى 10 وقفة رياضية عالم التحكيم التحكيم عالم بديع خاصة في رحاب المستديرة التي يعد اصحاب القمصان الملونة احد رموز النجاح والاخفاق فيها وربما وجه الاختلاف بين اللاعب والحكم ان الاخير لابد له من شق طريقه للوصول للافضل بجهده اولا واخيرا دون انتظار معاونة احد ومن يطرق سلك التحكيم لا شك يدرك حجم مغامرته ولعل المدهش لمتابع السير الذاتية لحكام البطولة الاوروبية الاخيرة وعلى رأسهم الايطالي بيارلويجي كولينا ان جل الحكام الاوروبيين يتكئون على ثقافة واسعة ناهيك عن خبرتهم في الملاعب سواء كانوا لاعبين او متمرسين في هموم الكرة فقلما نجد حكما اوروبيا لا يجيد لغات متعددة مع لغة بلاده فالحكم البرتغالي لوسيليو باتيستا يجيد البرتغالية والانكليزية والفرنسية والاسبانية والروسي فالنتين ايفانوف يجيد الايطالية والانكليزية مع الروسية والحكم السويدي اندرياس فريك على دراية تامة بالالمانية والانكليزية والسويدية بل منهم من يجيد خمس لغات واكثر والقائمة طويلة الى جانب ذلك ان القاسم المشترك للحكام الاوروبيين تخصصاتهم العملية في المجال المالي كالبنوك والاستثمار والتأمين والاستشارات المالية والطب والتعليم واذا كنا نفخر بما وصل اليه حكامنا من مكانة دولية وحضور مشرف في المحافل الرياضية المختلفة فان تواصل الاهتمام بالنخبة التحكيمية في السلطنة بات اكثر اهمية ليس على صعيد الدورات التدريبية فحسب والمباريات التي ترفع من اسهم الحكم وخبرته بل ضرورة التركيز على الثقافة العامة والالمام باللغات ولو بالقدر اليسير الذي يمكن الحكم من التخاطب مع الآخرين في حال مشاركته في ادارة مباراة خارج محيطه العربي او حضوره لاستحقاق عالمي ولا يقع العاتق وحده على اتحاد اللعبة بل على الحكم نفسه ان يكرس جهوده في البحث والاطلاع وتثقيف نفسه بنفسه اذا ما اراد ان يجد له مكانا تحت الشمس.
