 فاطمة النبهاني أمامها فرصة كبيرة اليوم خسارة منتخب التنس الأرضي في أولى مشاركاته امام فاطمة النبهاني نجمة التنس الارضي فرصة كبيرة اليوم عندما تلاقي لاعبة من الجزائر في بطولة تنس الفتيات. الفرصة الوحيدة لفاطمة هي الفوز اليوم وفي حالة فوزها باذن الله ستضمن مركزا متقدما وميدالية من احد المراكز الثلاثة الاولى. فاطمة تأهلت الى الدور الثاني مباشرة بعد ان ابعدتها القرعة وتم تصنيفها في المركز الثالث على مستوى البطولة. سمعة فاطمة الرياضية كبيرة في الجزائر وكل اللاعبات يحسبن الف حساب لها مع انهها تلعب في فئة العمومي وعمرها يسمح لها باللعب تحت سن 13 سنة وخسر منتخبنا الوطني للتنس الارضي في اولى مشاركاته في الدورة الرياضية العربية العاشرة والمقامة حاليا في العاصمة الجزائرية والتي تستمر حتى 8 اكتوبر المقبل. وجاءت النتائج على النحو التالي: في مسابقة الفردي خسر سليمان الرواحي امام اللاعب العراقي حيدر حسين سعيد 76 (86) و67 و16. وكانت هذه المباراة قوية جدا بين اللاعبين وانتهت بعد ثلاث ساعات واستطاع سليمان الرواحي ان يكسب الشوط الاول بعد ان كان متأخرا الا انه لم يوفق في الشوطين الثاني والثالث وحاول في الشوط الثاني وبذل جهدا كبيرا الا انه خسر 67 وفي الشوط الثالث تراجع اداؤه ومستواه ولياقته البدنية ليخسر المباراة وجاءت نتيجة هذا الشوط 16. وفي المباراة الثانية والتي جمعت محمد النبهاني مع الجزائري رشيدي بابا عيسى فقد خسر لاعبنا 64، 64 في مباراة متوسطة المستوى بين اللاعبين واثر عليها المطر والملاعب الترابية غير المناسبة وفي المباراة الثالثة خسر صالح الزدجالي من القطري عبدالامير حسن 16، 26 في مباراة ضعيفة لم يوفق بها صالح الزدجالي. 
