 كتب خالد الجلنداني: رفع منتخبنا الوطني الأول لكرة القدم من وتيرة استعداداته لمباراته المرتقبه مع نظيره الياباني يوم الثالث عشر من اكتوبر المقبل في إطار منافسات تصفيات المجموعة الآسيوية الثالثة المؤهلة الى مونديال 2006 . وكان منتخبنا قد كثف أمس من تدريباته والتي جرت على الملعب الفرعي بمجمع السلطان قابوس الرياضي ببوشر تحت أشراف المدرب التشيكي ميلان ماتشالا ومساعده المدرب الوطني محمد جمعة حيث تم التركيز فيها على رفع معدل اللياقة البدنية لدى اللاعبين وتطبيق بعض المهارات الفنية والبدنية والتسديد على المرمى من جميع الزوايا بعدها ثم أجرى تقسيمة مبسطة بين اللاعبين بهدف تعرف المدرب على التمارين التي أجريت قبل بداية التقسيمة وعقب النهاية قام ماتشالا بشرح الأخطاء البسيطة التي وقع فيها اللاعبون حتى يتم تلافيها في المران القادم . وقد شارك في تدريبات الأمس جميع اللاعبين المختارين لهذا المعسكر وهم حسن ربيع وعلي بن طالب العجمي وبدر المحروقي ومحمد بن مبارك الهنائي وسلطان الطوقي ومحمد بن حمد واحمد بن مبارك المحيجري وحسين بن مستهيل واحمد بن حديد وفوزي بن بشير دوربين وهاشم بن صالح ويوسف شعبان واحمد سالم وحسن بن يوسف المظفر ويعقوب بن ربيع وحسن العجمي وعبدالله سعيد وجاسم يعقوب.
