 مشاركة هاني الضابط شارك هاني الضابط نجم منتخبنا الوطني الأول أمس في تدريبات المنتخب بهدف خوض تدريبات التقوية والتأهيلية اثر شفائه من الاصابة التي يعاني منها حيث سيقوم يوم السبت القادم بالسفر الى أبوظبي لمقابلة البرفسور الذي اشراف على العملية الجراحية التي أجراها قبل ستة شهور وذلك لخوض الكشف النهائي على الاصابة وفي حالة التأكد من شفائه تماما من الاصابة سوف يلتحق الضابط بفريقه ظفار للعب معه مباريات الدوري ومن ثم يعود بعد ذلك للمنتخب من جديد. وصول المحترفين السبت المقبل يصل يوم السبت القادم لاعبو منتخبنا المحترفين في الخارج للانضمام الى صفوف المنتخب يوم الاثنين المقبل وذلك للمشاركة في المعسكر الثاني الذي سيقام خلال الفترة من 2 وحتى 13 اكتوبر المقبل وسيخوض خلاله مباراة ودية واحدة مع منتخب العراق يوم 7 من الشهر القادم . واللاعبون هم بدر الميمني وحمدي هوبيس وسعيد الشون وعماد بن علي الحوسني ومحمد بن ربيع وخليفة عايل بينما سيصل علي الحبسي يوم 5 اكتوبر المقبل . المعمري يتابع تدريبات المنتخب حضر امس تدريبات منتخبنا والتي جرت على المعلب الفرعي بمجمع بوشر الرياضي معالي الشيخ محمد بن مرهون المعمري رئيس الهيئة العامة لأنشطة الشباب الرياضية والثقافية وعبدالله بن شعبان الفارسي نائب رئيس اتحاد الكرة وعبدالله بن محمد بامخالف رئيس لجنة المنتخبات الوطنية باتحاد الكرة . 
