 أخبار من دورة الألعاب العربية العاشرة في الجزائر 2 منتخبنا الأول يشارك في الدورة الرباعية بالبحرين في ديسمبر المقبل 2 3 أهلي سداب يمطر شباك السويق ب 16 هدفا ويودع مسابقة كأس جلالته للهوكي 4 اليوم.. انطلاق منافسات بطولة عمان الثالثة المفتوحة للتنس 5 اتحاد اليد يوافق على المشاركة في بطولتي التضامن الاسلامية وغرب آسيا 6 6 حدث في بطولة عمان للراليات 2004 غياب المنافسين الحقيقيين لانشغالهم أو لعدم جاهزية سياراتهم 7 رياضة المعوقين تحقق القفزة النوعية في المشاركات الدولية 8 منافسة قوية شهدها الاسبوع الاول من البطولة المفتوحة للبولينغ 8 1 الكليبي يتأهل لنهائيات سباحة 200 متر ظهر سباحنا يحقق رقما عمانيا جديدا في 100 متر حرة
