 خماسي القدم لم يكن الإعداد لخماسي كرة القدم كافيا قبل المشاركة في الدورة وذلك نظرا لبعض الظروف التي صاحبت الفريق منها الحصول على المكان الذي يمكن تدريب اللاعبين فيه لكن وقفة اتحاد الشرطة الرياضي كان لها دور كبير في إعداد الفريق على مدى شهرين من التدريب المنقطع الذي اقتصر في المرحلة الأولى على يومين في الأسبوع فقط حتى جاء موعد المعسكر المغلق الذي استمر لمدة أسبوعين حتى موعد التوجه لتونس للمشاركة في الدورة وكان اليوم الأول لمعرفة إمكانية كل لاعب ليكون نصيب فريق السلطنة للقدم في المجموعة الأقوى التي تضم السعودية وإيران والإمارات وكانت المفاجأة في المباراة الأولى أمام المنتخب السعودي الذي تفوق على فريقنا بنتيجة 61 وهذا شيء طبيعي لأن الفريق استعد جيدا قبل المشاركة في الدورة من خلال المعسكر الداخلي المغلق لمدة شهر بالسعودية وشهرين في معسكر خارجي بسوريا ثم خاض مباراة ودية مع المنتخب المصري في مصر كما إن اللاعبين يتم تدريبهم مع المنتخبات السعودية وفي الأندية لذلك اكتسب اللاعبون مهارات فردية كبيرة ربما يفتقدها اللاعب السوي وفي المباراة الثانية التي خاضها الفريق العماني أمام الفريق الإيراني استطاع أن يكسبها بكل سهولة بنتيجة 112 بعد ان عالج مدرب الفريق صالح الأغبري الأخطاء التي وقع فيها اللاعبون وفي المباراة الثالثة الأخيرة أمام الفريق الإماراتي شهدت المباراة مستوى متكافئا من الطرفين سرعان ما تفوق فريقنا ليكسب المباراة بنتيجة 62 لتكون الميداليات الفضية من نصيب لاعبينا . وما يميز دورات وبطولات الأولمبياد الخاص للمعاقين ذهنيا بأن تمنح الجوائز والميداليات للاعب فقط دون الجهاز الفني باعتبار أن هؤلاء هم الذين يستحقون الفرحة والسعادة التي ترتسم على وجوههم وهم يقلدون بتلك الميداليات.
