 منتخبنا الأول لكرة القدم يرفع وتيرة استعداده لملاقاة اليابان 2 فوز لواء المشاة 23 بكأس بطولة ألعاب القوى وشد الحبل لعام 2004 2 3 بطولة عمان المفتوحة للتنس تواصل فعالياتها بنجاح 4 أشادة دولية بالمقترح العماني باقامة النشاط الثقافي والعلمي 5 لجنة المسابقات توقع غرامة 500 ريال على الرستاق 6 6 مدرب طائرة بهلاء.. الباب مفتوح أمام أي لاعب يرغب في الانضمام لصفوف الفريق 7 تأجيل الجمعية العمومية للاتحاد الآسيوي في كرة اليد 8 فتح باب الاشتراك في دوري السلة للموسم الجديد 20042005 السبت القادم 9 (ناطق هاشم) سيرة ذاتية رائعة 10 وقفة رياضية 10 1 منتخبنا الأول يرفع وتيرة استعداده لملاقاة اليابان حضور كبير للاعبين وماتشالا يشرح الأخطاء والضابط يطير للإمارات للاطمئنان على شفائه
