 يخوض اليوم منتخبنا الوطني لشباب الهوكي اولى مبارياته امام افغانستان ضمن منافسات بطولة كأس آسيا التي تستضيفها بنغلاديش خلال الفترة من 30 سبتمر الى 7 اكتوبر ويتوقع ان يقدم منتخبنا عرضا قويا نظرا لتواضع منتخب افغانستان الذي يشارك لاول مرة في مثل هذه البطولات وبعد افغانستان سيلعب منتخبنا امام الهند يوم 3 اكتوبر ثم امام بنغلاديش البلد المنظم يوم 5 اكتوبر فيما ستبدأ النهائيات في 7 اكتوبر. وكانت اهلية اللاعبين في البطولة الاسيوية قد عقدت اجتماعا لها بحضور مديري المنتخبات المشاركة حيث حضر الاجتماع مصطفى مال الله رئيس بعثة منتخبنا وتم في هذا الاجتماع تحديد الوان الفرق المشاركة وكافة الضوابط الخاصة بمباريات البطولة. الجدير بالذكر ان بعثة منتخبنا في هذه المشاركة الهامة يترأسها مصطفى مال الله وعبدالرضا يحيى اداريا وطرماح عبدالحسين مدربا واحمد الدرمكي مساعدا للمدرب وحمود الوهيبي مدربا لحراس المرمى بالاضافة الى 16 لاعبا هم: اسلم بن علي البلوشي وهاني بن مبارك الكليبي ومروان بن عبدالرحمن الرئيسي وخالد بن سعيد النوفلي وعائد بن شعبان بن عبيد وحسنى بن مبارك الشبلي ومرشد بن ربيع بن سعيد واكرم بن جمعان وايمن بن توفيق وسمير بن حليس الشبلي وامجد بن صديق وسامي بن جمعة الزدجالي واحمد بن مرهون الجهضمي وحسين بن عبدالله الحسني وخليل بن مرهون الحسني.
