 رسالة الجزائر من عيسى الخروصي: أعلن الرئيس الجزائري عبد العزيز بوتفليقة افتتاح الدورة الرياضية العربية العاشرة التي تستضيفها الجزائر حتى 8 اكتوبر في ملعب 5 يوليو امام 50 الف متفرج وحيا الرئيس بوتفليقة في كلمته الافتتاحية الوفدين الفلسطيني والعراقي اللذين يشاركان رغم اعمال العنف في بلديهما. وقال على الرغم من ان الوضع العربي لا يسعد الجميع سواء كان سياسيا او اقتصاديا او اجتماعيا، فان ما يجمعنا هو الشباب العربي في هذا المحفل الرياضي وحمل حفل الافتتاح الذي استغرق 70 دقيقة بصمات جزائرية خالصة وتضمن 5 لوحات رئيسية اظهر من خلالها المشاركون مختلف المراحل التاريخية التي مرت بها الجزائر، فضلا عن اللوحات الثقافية المتنوعة في الجزائر . وتشهد الدورة الحالية عودة الكويت للمشاركة في الالعاب بعد انسحابها من الدورة السابقة احتجاجا على السماح للعراق بالمشاركة فيها لاول مرة بعد غزوه لها عام 1990 وتصادف استضافة الجزائر للدورة العاشرة مع الذكرى الخمسين لانطلاق الالعاب التي استضافت نسختها الاولى مدينة الاسكندرية بمصر عام 1953، ثم نظم لبنان الدورة الثانية عام 1957، والمغرب دورة 1961، ومصر دورة 1965. وغابت الالعاب العربية 11 عاما بسبب العدوان الاسرائيلي عام 1967 وحرب اكتوبر عام 1973 قبل ان تستضيف دمشق النسخة الخامسة عام 1976، ثم توقفت مجددا 9 سنوات وتصدى المغرب لاقامة النسخة السادسة عام 1985، وعادت الى دمشق مرة ثانية بعد 7 اعوام، ونظمت بيروت النسخة الثامنة عام 1997، وعمان النسخة التاسعة عام 1999. وهي المرة الاولى التي تستضيف فيها الجزائر الالعاب العربية التي كانت مقررة اصلا عام 2003 لكنها تأجلت بسبب الزلزال العنيف الذي ضرب العاصمة وجوارها واودى بحياة نحو 12 الف مواطن.. ويشارك في الدورة 3240 رياضيا ورياضية يمثلون 22 بلدا عربيا سيشاركون في 22 لعبة منها 19 لعبة فردية و3 العاب جماعية.
